// Jest Snapshot v1, https://goo.gl/fbAQLP

exports[`should render EditExpensePage correctly 1`] = `
<div>
  <h1>
    Edit Expense
  </h1>
  <ExpenseForm
    actionName="Edit Expense"
    expense={
      Object {
        "amount": 150,
        "createAt": 0,
        "description": "test",
        "id": "1",
        "note": "test note",
      }
    }
    onSubmit={[Function]}
  />
  <button
    onClick={[Function]}
  >
    Remove
  </button>
</div>
`;
