// Jest Snapshot v1, https://goo.gl/fbAQLP

exports[`should render EditExpensePage correctly 1`] = `
<div>
  <div
    className="page-header"
  >
    <div
      className="content-container"
    >
      <h1
        className="page-header__title"
      >
        Edit Expense
      </h1>
    </div>
  </div>
  <div
    className="content-container"
  >
    <ExpenseForm
      actionName="Edit Expense"
      expense={
        Object {
          "amount": 150,
          "createAt": 0,
          "description": "test",
          "id": "1",
          "note": "test note",
        }
      }
      onSubmit={[Function]}
    />
    <div>
      <button
        className="button button--delete"
        onClick={[Function]}
      >
        Remove
      </button>
    </div>
  </div>
</div>
`;
